digraph G {
0[label="a.o"];
1[label="b.o"];
2[label="c.o"];
3[label="d.o"];
4[label="e.o"];
5[label="f.o"];
6[label="main.o"];
0->1 ;
1->5 ;
6->0 ;
}
